// Jest Snapshot v1, https://goo.gl/fbAQLP

exports[`Button label Should render without fails 1`] = `
<span
  className="button-label class-name-example"
>
  Some text
</span>
`;
