// Jest Snapshot v1, https://goo.gl/fbAQLP

exports[`Load icon Should render without fails 1`] = `
<img
  alt=""
  className="load-icon class-name-example"
  src="test-file-stub"
/>
`;
